2026-06-17 02:34:44 [INFO] ======================================================================
2026-06-17 02:34:44 [INFO]   WSI PATCH EXTRACTOR
2026-06-17 02:34:44 [INFO]   Config: config_files/patches_histology.yaml
2026-06-17 02:34:44 [INFO] ======================================================================
2026-06-17 02:34:44 [INFO] GPUs available: 2
2026-06-17 02:34:44 [INFO]   GPU 0: NVIDIA RTX 6000 Ada Generation (47 GB)
2026-06-17 02:34:44 [INFO]   GPU 1: NVIDIA RTX 6000 Ada Generation (47 GB)
2026-06-17 02:34:44 [INFO] 
────────────────────────────────────────────────────────────
2026-06-17 02:34:44 [INFO] Dataset: HistologyHSI  |  Format: mrxs
2026-06-17 02:34:44 [INFO] Path: /home/DIINF/vmieres/PKG - HistologyHSI-BC-Recurrence/01_01_Histological_Images
2026-06-17 02:34:44 [INFO] Found 47 file(s)
2026-06-17 09:49:49 [ERROR] [84] FAILED: [Errno 5] Can't synchronously write data (file write failed: time = Wed Jun 17 09:49:49 2026
, filename = '/home/DIINF/datasets_iacis/2026_HistologyHSI-BC-Recurrence/patches_histology/HistologyHSI/84.h5', file descriptor = 49, errno = 5, error message = 'Input/output error', buf = 0x317058a0, total write size = 1854452, bytes this sub-write = 1854452, bytes actually written = 18446744073709551615, offset = 0)
2026-06-17 09:52:58 [ERROR] [85] FAILED: [Errno 5] Can't synchronously write data (file write failed: time = Wed Jun 17 09:52:58 2026
, filename = '/home/DIINF/datasets_iacis/2026_HistologyHSI-BC-Recurrence/patches_histology/HistologyHSI/85.h5', file descriptor = 49, errno = 5, error message = 'Input/output error', buf = 0x317058a0, total write size = 2341855, bytes this sub-write = 2341855, bytes actually written = 18446744073709551615, offset = 0)
2026-06-17 09:57:42 [ERROR] [90] FAILED: [Errno 5] Can't synchronously write data (file write failed: time = Wed Jun 17 09:57:42 2026
, filename = '/home/DIINF/datasets_iacis/2026_HistologyHSI-BC-Recurrence/patches_histology/HistologyHSI/90.h5', file descriptor = 49, errno = 5, error message = 'Input/output error', buf = 0x30ed58a0, total write size = 2323156, bytes this sub-write = 2323156, bytes actually written = 18446744073709551615, offset = 0)
2026-06-17 09:57:43 [INFO] 
[HistologyHSI] Summary: 47 slides | 3,392,893/16,279,898 patches kept (20.8%) | Errors: 3 | Time: 442.9 min
2026-06-17 09:57:43 [INFO] 
======================================================================
2026-06-17 09:57:43 [INFO]   GLOBAL SUMMARY
2026-06-17 09:57:43 [INFO]   Total slides processed : 47
2026-06-17 09:57:43 [INFO]   Candidate patches      : 16,279,898
2026-06-17 09:57:43 [INFO]   Kept patches           : 3,392,893
2026-06-17 09:57:43 [INFO]   Filter rate            : 79.2%
2026-06-17 09:57:43 [INFO]   Errors                 : 3
2026-06-17 09:57:43 [INFO]   Total time             : 443.0 min
2026-06-17 09:57:43 [INFO]   Output directory       : /home/DIINF/datasets_iacis/2026_HistologyHSI-BC-Recurrence/patches_histology
2026-06-17 09:57:43 [INFO] ======================================================================
2026-06-17 09:57:43 [INFO]   Stats saved to         : /home/DIINF/datasets_iacis/2026_HistologyHSI-BC-Recurrence/patches_histology/extraction_stats.csv
